// Jest Snapshot v1, https://goo.gl/fbAQLP

exports[`Feed renders correctly 1`] = `
<div>
  <div>
    <div>
      <time
        dateTime="September 1, 2016"
      >
        September 2016
      </time>
      <span />
      <span>
        <a
          href="/typography"
        >
          Typography
        </a>
      </span>
    </div>
    <h2>
      <a
        href="/posts/perfecting-the-art-of-perfection"
      >
        Perfecting the Art of Perfection
      </a>
    </h2>
  </div>
  <div>
    <div>
      <time
        dateTime="September 1, 2016"
      >
        September 2016
      </time>
      <span />
      <span>
        <a
          href="/design-inspiration"
        >
          Design Inspiration
        </a>
      </span>
    </div>
    <h2>
      <a
        href="/posts/johannes-gutenberg"
      >
        Johannes Gutenberg: The Birth of Movable Type
      </a>
    </h2>
  </div>
  <div>
    <div>
      <time
        dateTime="September 1, 2017"
      >
        September 2017
      </time>
      <span />
      <span>
        <a
          href="/typography"
        >
          Typography
        </a>
      </span>
    </div>
    <h2>
      <a
        href="/posts/humane-typography-in-the-digital-age"
      >
        Humane Typography in the Digital Age
      </a>
    </h2>
  </div>
</div>
`;
