// Jest Snapshot v1, https://goo.gl/fbAQLP

exports[`CategoryTemplate renders correctly 1`] = `
<div>
  <div>
    <div>
      <div>
        <div>
          <h2>
            <a
              href="/"
            >
              John Doe
            </a>
          </h2>
        </div>
        <p>
          Pellentesque odio nisi, euismod in, pharetra a, ultricies in, diam. Sed arcu.
        </p>
      </div>
      <nav>
        <ul>
          <li>
            <a
              href="/"
            >
              Articles
            </a>
          </li>
          <li>
            <a
              href="/pages/about"
            >
              About Me
            </a>
          </li>
          <li>
            <a
              href="/pages/contacts"
            >
              Contact Me
            </a>
          </li>
        </ul>
      </nav>
      <div>
        All rights reserved.
      </div>
    </div>
  </div>
  <div>
    <div>
      <h1>
        Typography
      </h1>
      <div>
        <div>
          <div>
            <div>
              <time
                dateTime="September 1, 2016"
              >
                September 2016
              </time>
              <span />
              <span>
                <a
                  href="/typography"
                >
                  Typography
                </a>
              </span>
            </div>
            <h2>
              <a
                href="/posts/perfecting-the-art-of-perfection"
              >
                Perfecting the Art of Perfection
              </a>
            </h2>
          </div>
          <div>
            <div>
              <time
                dateTime="September 1, 2016"
              >
                September 2016
              </time>
              <span />
              <span>
                <a
                  href="/design-inspiration"
                >
                  Design Inspiration
                </a>
              </span>
            </div>
            <h2>
              <a
                href="/posts/johannes-gutenberg"
              >
                Johannes Gutenberg: The Birth of Movable Type
              </a>
            </h2>
          </div>
          <div>
            <div>
              <time
                dateTime="September 1, 2017"
              >
                September 2017
              </time>
              <span />
              <span>
                <a
                  href="/typography"
                >
                  Typography
                </a>
              </span>
            </div>
            <h2>
              <a
                href="/posts/humane-typography-in-the-digital-age"
              >
                Humane Typography in the Digital Age
              </a>
            </h2>
          </div>
        </div>
        <div>
          <div>
            <a
              className=""
              href="/typography/page/1"
              rel="prev"
            >
              ← PREV
            </a>
          </div>
          <div>
            <a
              className=""
              href="/typography/page/3"
              rel="next"
            >
              → NEXT
            </a>
          </div>
        </div>
      </div>
    </div>
  </div>
</div>
`;
